// Game: Generic
// Format: Standard
// entity 0
{
"classname" "worldspawn"
// brush 0
{
( -5 -5 -4 ) ( -5 -4 -4 ) ( -5 -5 -3 ) __TB_empty 0 0 0 1 1
( -5 -5 -4 ) ( -5 -5 -3 ) ( -4 -5 -4 ) __TB_empty 0 0 0 1 1
( -5 -5 -4 ) ( -4 -5 -4 ) ( -5 -4 -4 ) __TB_empty 0 0 0 1 1
( 5 5 4 ) ( 5 6 4 ) ( 6 5 4 ) __TB_empty 0 0 0 1 1
( 5 5 4 ) ( 6 5 4 ) ( 5 5 5 ) __TB_empty 0 0 0 1 1
( 5 5 4 ) ( 5 5 5 ) ( 5 6 4 ) __TB_empty 0 0 0 1 1
}
// brush 1
{
( 5 -4 -4 ) ( 5 -3 -4 ) ( 5 -4 -3 ) __TB_empty 0 0 0 1 1
( 5 -4 -4 ) ( 5 -4 -3 ) ( 6 -4 -4 ) __TB_empty 0 0 0 1 1
( 5 -4 -4 ) ( 6 -4 -4 ) ( 5 -3 -4 ) __TB_empty 0 0 0 1 1
( 6 4 4 ) ( 6 5 4 ) ( 7 4 4 ) __TB_empty 0 0 0 1 1
( 6 4 4 ) ( 7 4 4 ) ( 6 4 5 ) __TB_empty 0 0 0 1 1
( 6 4 4 ) ( 6 4 5 ) ( 6 5 4 ) __TB_empty 0 0 0 1 1
}
// brush 2
{
( 5 3 -4 ) ( 5 4 -4 ) ( 5 3 -3 ) __TB_empty 0 0 0 1 1
( 5 3 -4 ) ( 5 3 -3 ) ( 6 3 -4 ) __TB_empty 0 0 0 1 1
( 5 3 -4 ) ( 6 3 -4 ) ( 5 4 -4 ) __TB_empty 0 0 0 1 1
( 6 4 4 ) ( 6 5 4 ) ( 7 4 4 ) __TB_empty 0 0 0 1 1
( 6 4 4 ) ( 7 4 4 ) ( 6 4 5 ) __TB_empty 0 0 0 1 1
( 6 4 4 ) ( 6 4 5 ) ( 6 5 4 ) __TB_empty 0 0 0 1 1
}
// brush 3
{
( 5 -4 -4 ) ( 5 -3 -4 ) ( 5 -4 -3 ) __TB_empty 0 0 0 1 1
( 5 -4 -4 ) ( 5 -4 -3 ) ( 6 -4 -4 ) __TB_empty 0 0 0 1 1
( 5 -4 -4 ) ( 6 -4 -4 ) ( 5 -3 -4 ) __TB_empty 0 0 0 1 1
( 6 -3 4 ) ( 6 -2 4 ) ( 7 -3 4 ) __TB_empty 0 0 0 1 1
( 6 -3 4 ) ( 7 -3 4 ) ( 6 -3 5 ) __TB_empty 0 0 0 1 1
( 6 -3 4 ) ( 6 -3 5 ) ( 6 -2 4 ) __TB_empty 0 0 0 1 1
}
}
